Creating a planet with:

3 continents
continent size: 30
number of islands: 15
average size of islands: 10
spike: 0%
0% of land is mountain (each continent will have 0 mountains)
minimum distance between continents: 2
minimum distance from islands to continents: 1
World dimensions: 64x32

        #*# ...fairland rips open a rift in the datumplane... #*#

seed is 1
placing capitals...
growing continents...
growing islands: 1(3) 2(8) 3(13) 4(7) 5(10) 6(10) 7(2) 8(8) 9(14) 10(17) 11(13) 12(15) 13(9) 14(8) 15(3)
elevating land...
writing to sectors file...

. . . % . . . % . . . . . . . . % % . % . . . . . . . . . . . .
 . . . . . . . . . . . . . . . . . . % % . . . . . . . . . . . .
. . . . . . . # # . . . . . . . . . % % % . . . . % . . . . . .
 . . . . . . # # . # . . . . . . . % % % . . . . % % . . . . . .
. . . . . . # # c c # . . . % % % . . . . . . . % % % . . . . .
 . . . . . # # # # # # . . . % % % . . . . . . . % % . . . . . .
. . . . . . . # # # # . . . % . % . . . . . . . . . . . . . . .
 . . . . . # # # # # . . . . . . . . . . . . . . . . . . . . . .
. . . . . # # # . . . . . . . . . . . . . . . . . . . . . . . .
 . . . . . # # . . . . . . . . . . . . . . . . . . . . . . . . .
. . . . . . . . % . . . . . . . . . . . . . . . . . . . . . . .
 . . . . . . . % % % % . . . . . . . . . . . . . . . . . . . . .
. . . . . . . . % % % . . . . . . . . . . . . . . . . . . . . .
 . . . . . . . . % % . . . % . . . . . . . . . . . . . . . . . .
. . . % . . . . . . . . . . % % . . # # # # . . . . . . . . . .
 . . % % . . . . . . . . . % % % . . # # # # . . . . . . % . . .
. . . . . . . . . . . . . % % % % . . # # # # . . . . . % % . .
 . . . . . # # # . . . . . % % % % . # a a # # . . . . % % % % .
. . . . # # # # # . . . % . % % % . # # # # # # . . . % % % . .
 % . . # # # # # . . . % . . . . . # # # # # # . . . . . . . . .
% . . # b b # # # . . % . . % % . . . # . . . . . . . . . . % %
 % . . # # # # # . . . . % % % % % . . . . . . . . . . . . . % %
. . . . # # # # . . . . . % % % % . . . . . . . . . . . . . % %
 . . . . # # . . . . . . % % % . . . . . . . . . . . . . . . % %
. . . . . . . . . . . . . . . . . . . . . . . . . . . . . . % .
 . . . . . . . . . . . . . . . . . . . . . . . . . . . % % . % .
. . . . . . . . . . . . . . . . . . . . . . . . . . . % % % . .
 . . % % . % . . . . . . . . . . . . . . . . . . . . . % % % . .
. . % % % . % . . . . . . . . . . . . . . . . . . . . . . . . .
 . % % % % . % % % % . . . . . . . . . . . . . . . . . . . . . .
. . % % . . % % % % . . . . . % % % . . % % . . . . . . . . . .
 . . % . . % % % % . . . . . . % % . . . . . . . . . . . . . . .

A script for adding all the countries can be found in "sandbox/no-spike-newcap_script".
