Creating a planet with:

5 continents
continent size: 30
number of islands: 5
average size of islands: 15
spike: 10%
0% of land is mountain (each continent will have 0 mountains)
minimum distance between continents: 2
minimum distance from islands to continents: 1
World dimensions: 64x32

        #*# ...fairland rips open a rift in the datumplane... #*#

seed is 1
placing capitals...
growing continents...
growing islands: 1(11) 2(11) 3(7) 4(15) 5(7)
elevating land...
writing to sectors file...

. . . . . . . . . . . % . . . . . . . # # # # # . . . . . . . .
 . . . . . . . . . . % % . . . . . . . # # . . . . . . . . . . .
. . . . . . . . . . % % % . . . . . . # # . . . . . . . . . . .
 . . . . # # # . . . . % . . . . . . . . . . . . . . . . . . . .
. . . . # # # # . . . . . . . . . . . . . . . . . . . . . . . .
 . . . # # e e # # . . . . . . . . . . . . . . . . . . . . . . .
. . . # # # # # # # . . . . . . . . . . . . . . . . . . . . . .
 . . # # . # # # # . . . . . . . . . . . . . . . . . . . . . . .
. . . # . . # # # . . . . . . . . . . . . . . . . . . . . . . .
 . . . . . . . . . . . . . . . . . . . . . . . . . . . . . . . .
. . . . . . . . . . . . . . . . . . . # . . . . . . . . . . . .
 . . . . . . . . . . . . . . . . . . # # # . . . . . . . . . . .
. . . . . . . . . . . . . . . . . . c c # # # . . . . . . . . .
 . . . . . . . . . . . . . . . # # # # # # # # . . . . . . . . .
. . . . . . . . . . % . . . . . # # # # # # # . . . . . . . . .
 . . . . . . . . % % % % . % % . # # # # # # . . % % . . # # # #
. . . . . . . . % % % % . . % % . . . . . . . . . % % . # # # #
 . . . . . . . % % % % % . % % % . . . . . . . . . % % . # a a #
. . . . . . . . . % . . . . % % % . . . . . . . . . % . # # # #
 . . . . . . . . . . # . . . % . . . . . . . . . . . . . # # # #
. . . . . . . . . . # # . . . . . . . . . . . . . . . . . # # #
 . . % . . . . . # # # # . . . . . . . . . . . . . . . . # # # #
. . % % % . . . . d d # . . . . . . . . . . . . . . . . . . # #
 . . % % % . . . # # # # . . . . . . . . . . . . . . . . . . # .
. . . % % % . . # # # # # . . . . . . . . . . . . . . . . . . .
 . . . % . . . # # # # # # . . . . . . . . . . . . . . . . . . .
. . . . . . . . . # # # # . . . . . . # . . . . . . . . . . . .
 . . . . . . . . . . # . . . . . . . # # # . . . . . . . . . . .
. . . . . . . . . . . . . . . . . . # # # # . . . . . . . . . .
 . . . . . . . . . . . . . . . . . . # # # # . . . . . . . . . .
. . . . . . . . . . . . . . . . . . . # b b # . . . . . . . . .
 . . . . . . . . . . . . . . . . . . # # # # # . . . . . . . . .

A script for adding all the countries can be found in "sandbox/plain-newcap_script".
