Creating a planet with:

8 continents
continent size: 30
number of islands: 8
average size of islands: 20
spike: 50%
10% of land is mountain (each continent will have 3 mountains)
minimum distance between continents: 2
minimum distance from islands to continents: 1
World dimensions: 64x32

        #*# ...fairland rips open a rift in the datumplane... #*#

seed is 1
placing capitals...
growing continents...
growing islands: 1(11) 2(11) 3(11) 4(11) 5(11) 6(11) 7(11) 8(11)
8 stunted islands
elevating land...
writing to sectors file...

^ b b # # . . . . ^ % . % % . . % % ^ . . . . . . . . . . . . .
 # # ^ # . . . % % % % . % % % % % % . . . . . . . . % % . # # #
# # # # . . . % % % % . % % % . . . . . . . . . . . % % % . # #
 # # . . . . . . . % . . % % % . . . . . . . . . . . % ^ % . . #
. # . . . . . . # . . . . % % ^ % . . . . . . . . . . % % % . .
 . . . . . . . # # . . . . . % . . # # . . . . . . . . . . . . .
. . . . . # # # ^ # . . . # . . # # # # # # . . . . . . . . . #
 . . . . # # # # # . . . . # # # ^ f f . . # # . . . . . . . # .
# . . . . # # e e ^ # . . . . # # ^ # . . . # . . . . . . . # #
 . ^ . . . . # # # # # # . . # ^ # # . . . . # . . . . . . ^ # #
. % % . . . . # ^ . # # . . # # # . . . . . . . . . . . . # ^ #
 . % % . . . . # . . . . . . . . . . . . . . . . . . . . h h # ^
. % % . . . . . . . . . . . . . . . . . . . . . . . # # # # # #
 % % % . . . . . . . . . . . . . . . . . . . . . . # # # . . # .
. . % . . . . . . . . . . . . . . . . # . . . . . # . # . . # #
 . . . . . . . . . . . . . . . . . # # # # # # . . . . # . . . .
. . . . . . . # . # # . . . . . . . . # ^ # ^ # . . . . . . . .
 . . . . . . ^ # # # . . . . . . . . # # d d # # . . . . . . . .
% . . . . # # # # . . . . . . . . . # # ^ # # # # . . . . . . %
 % . . . . # # # . . . . . . . . . # . # . . . # . . . . . # . ^
% . . . # # c c . . . . . . . . . # . . . % % . # . . . # # # .
 % . . . . # # # . . . . . . . . . . % % % ^ % . . . . # # # . %
% % . . . # # # . . . . . . . . . . % . . % % % . . . # g g # .
 % % . . . . # # . . . . . . . . . . . . . . . . . # # ^ ^ # # .
. . . . . . . ^ # . . . . . . # ^ . . . . . . . . . # # # ^ # .
 . . . . . % . # ^ . . . . . . # . # # . . . . . . . # # . . # #
. . . . . . ^ . . . . . . # # # # # # . . . . . . . . . . . # #
 . . . . . % % % . . . . . . . ^ # # # # . . . . . . . . # # . .
. . . . . . % % % . . . . . . # a a # ^ # . . . . . . . . . . .
 . # . . . . . % % % . . . . # # # # # # . . . . . . . . . . . .
^ # # . . . . . . . . . . . . . . # # . . . . . . . . . . . . .
 # # # # . . . . . . . . . . . . . . . . . . . . . . . . . . . .

A script for adding all the countries can be found in "sandbox/spike-newcap_script".
