Creating a planet with:

8 continents
continent size: 35
number of islands: 24
average size of islands: 3
spike: 0%
0% of land is mountain (each continent will have 0 mountains)
minimum distance between continents: 5
minimum distance from islands to continents: 2
World dimensions: 64x32

        #*# ...fairland rips open a rift in the datumplane... #*#

seed is 1
placing capitals...
growing continents...
growing islands: 1(2) 2(2) 3(2) 4(2) 5(2) 6(2) 7(1) 8(1) 9(2) 10(2) 11(2) 12(1) 13(2) 14(2) 15(1) 16(2)
No room for island #19

try #2 (out of 10)...
placing capitals...
growing continents...
growing islands: 1(2) 2(3) 3(3) 4(3) 5(2) 6(3) 7(3) 8(3) 9(1) 10(1) 11(2) 12(2) 13(2) 14(2) 15(1) 16(2)
No room for island #18

try #3 (out of 10)...
placing capitals...
growing continents...
Only managed to grow 33 out of 35 sectors.

try #4 (out of 10)...
placing capitals...
growing continents...
Only managed to grow 32 out of 35 sectors.

try #5 (out of 10)...
placing capitals...
growing continents...
Only managed to grow 29 out of 35 sectors.

try #6 (out of 10)...
placing capitals...
growing continents...
Only managed to grow 33 out of 35 sectors.

try #7 (out of 10)...
placing capitals...
growing continents...
growing islands: 1(1) 2(2) 3(2) 4(2) 5(2) 6(2) 7(2) 8(2) 9(2) 10(2) 11(2) 12(2) 13(1) 14(2) 15(2) 16(2) 17(2) 18(2) 19(2) 20(2) 21(2) 22(2) 23(1) 24(1)
10 stunted islands
elevating land...
writing to sectors file...

. # . . . . . # # # # . . . % % . . . . . . # # . . . . . . . .
 # # . . . . . . # # . . . . . . . . . . . . # # . . . . . . # #
# # # . . . . . . . . . . . . . . . . . . . . . . . . . . . # #
 # # . . . . % . . . . . . . # # # # . . . . . . . % . . . # # #
# # # . . . . % . . . . . . # # # # # . . . . . . % . . . . # #
 g # # . . . . . . . . . . . # # # # # . . % . . . . . % . . # g
# # # . . . . . . % % . . # # # # # # # . . . . . . . . . . # #
 # # . . . . . . . . . . . # # h h # . . . . . . . . . . . . # #
. # . . . % % . . . . . . . # # # # # . . . . . . . . . . . . .
 . . . . . . . . . . % . . . # # # # . . . . . # # # . . . . . .
. . . . . . . . . . . % . . . . . . . . . . . # # # # . . . . .
 % . . . . # # # # . . . . . . . . . . . % . . # # # # . . . . %
. . . . . # # # # # . . . . . . . . . . % . . # # # # # . . . .
 . . . . # # b b # # # . . . % % . . . . . . # # d d # # . . . .
. . . . . # # # # # # # . . . . . . . . . . . # # # # # . . % %
 . . . . . # # # # # # . . . . . . . . . . . . # # # # . . . . .
. % % . . . # # # # . . . . . . # # # . . . . . # # # . . . . .
 . . . . . . . # # . . . . . . # # # # . . . . . . # . . . . . .
. . . . . . . . . . . . . . . # # # # # . . . . . . . . . % . .
 # # . . . % . . . . . . . . # f f # # # . . . . . . . . % . . .
# # # . . . % . . . . . . . . # # # # # # . . . % % . . . . . .
 # # # . . . . . . . . . % . . # # # # # . . . . . . . . . . # #
# # # # . . . . . % % . . % . . # # # # . . . . . . . % . . # #
 e # # # . . . . . . . . . . . # # . . . . . . . . . . . . # # e
# # # # . . . . . . . . . . . . . . . . . . . . . . . . . . # #
 # # . . . . . . # # . . . . . . . . . . . . . # . . . . . . # #
# . . . . . . . # # # . . . . . . % % . . . . # # # . . . . . #
 . . . . . . . # # # # . . . . . . . . . . . # # # # . . . . . .
. . . . . . . # # # # # # . . % . . . . . # # # # # # . . . . .
 . . % . . . # # c c # . . . % . . . . . # # a a # # . . % . . .
. . . % . . . # # # # # . . . . . . % . . # # # # # # . . . . .
 . . . . . . . # # # # . . . . . . . % . . # # # # # . . . . . .

A script for adding all the countries can be found in "sandbox/stunted-newcap_script".
